{"event": "memory_phase", "phase": "before_forward", "step": 1, "microbatch": 0, "time": 1790977168.1898324, "allocated": 1309887488, "reserved": 3837788160, "peak_allocated": 1309887488, "offload_host_bytes": 2519103504}
{"event": "memory_phase", "phase": "after_forward", "step": 1, "microbatch": 0, "time": 1790977170.3488367, "allocated": 1714375168, "reserved": 3852468224, "peak_allocated": 2366698496, "offload_host_bytes": 2519103504}
{"event": "memory_phase", "phase": "after_backward", "step": 1, "microbatch": 0, "time": 1790977170.637189, "allocated": 2637606912, "reserved": 3852468224, "peak_allocated": 2707413504, "offload_host_bytes": 2519103504}
{"event": "memory_phase", "phase": "before_forward", "step": 1, "microbatch": 1, "time": 1790977170.6388066, "allocated": 2637606912, "reserved": 3852468224, "peak_allocated": 2707413504, "offload_host_bytes": 2519103504}
{"event": "memory_phase", "phase": "after_forward", "step": 1, "microbatch": 1, "time": 1790977170.7392588, "allocated": 3007485440, "reserved": 3867148288, "peak_allocated": 3659808768, "offload_host_bytes": 2519103504}
{"event": "memory_phase", "phase": "after_backward", "step": 1, "microbatch": 1, "time": 1790977170.9596844, "allocated": 2637606912, "reserved": 3867148288, "peak_allocated": 3659808768, "offload_host_bytes": 2519103504}
{"event": "memory_phase", "phase": "before_optimizer", "step": 1, "microbatch": null, "time": 1790977171.3202105, "allocated": 5156718592, "reserved": 5230297088, "peak_allocated": 5156718592, "offload_host_bytes": 2519103504}
{"event": "memory_phase", "phase": "after_optimizer", "step": 1, "microbatch": null, "time": 1790977171.5134802, "allocated": 3897162752, "reserved": 5251268608, "peak_allocated": 5196040192, "offload_host_bytes": 2519103504}
{"event": "memory_phase", "phase": "after_state_evict", "step": 1, "microbatch": null, "time": 1790977171.7595205, "allocated": 1378051072, "reserved": 5251268608, "peak_allocated": 5196040192, "offload_host_bytes": 2519103504}
{"event": "train", "step": 2, "epoch": 0, "cursor": 4, "loss": 12.89011287689209, "text_ce": 4.958657741546631, "audio_ce": 7.923891305923462, "aux_loss": 0.007563790073618293, "audio_codebook_ce": [7.939625024795532, 7.911708831787109, 7.875784397125244, 7.932465314865112, 7.971603870391846, 7.905174970626831, 7.9091222286224365, 7.9456446170806885], "grad_norm": 7.232293128967285, "learning_rate": 0.0001, "text_labels": 324, "audio_labels": 4768, "total_text_labels": 509, "total_audio_labels": 7392, "step_seconds": 3.6719115790037904, "samples_per_second": 0.544675425039132, "wall_seconds": 3.7524499893188477, "time": 1790977171.761608, "cuda_allocated": 1378051072, "cuda_reserved": 5251268608, "cuda_peak_allocated": 5196040192}
{"event": "checkpoint", "kind": "periodic", "step": 2, "epoch": 0, "cursor": 4, "bytes": 3779077085, "seconds": 25.808507680892944, "time": 1790977203.0135977}
{"event": "memory_phase", "phase": "before_forward", "step": 2, "microbatch": 0, "time": 1790977203.0227013, "allocated": 1378051072, "reserved": 5251268608, "peak_allocated": 5196040192, "offload_host_bytes": 2519103504}
{"event": "memory_phase", "phase": "after_forward", "step": 2, "microbatch": 0, "time": 1790977203.322301, "allocated": 1747929600, "reserved": 5251268608, "peak_allocated": 5196040192, "offload_host_bytes": 2519103504}
{"event": "memory_phase", "phase": "after_backward", "step": 2, "microbatch": 0, "time": 1790977203.5309174, "allocated": 2637606912, "reserved": 5251268608, "peak_allocated": 5196040192, "offload_host_bytes": 2519103504}
{"event": "memory_phase", "phase": "before_forward", "step": 2, "microbatch": 1, "time": 1790977203.5325634, "allocated": 2637606912, "reserved": 5251268608, "peak_allocated": 5196040192, "offload_host_bytes": 2519103504}
{"event": "memory_phase", "phase": "after_forward", "step": 2, "microbatch": 1, "time": 1790977203.627507, "allocated": 3007485440, "reserved": 5251268608, "peak_allocated": 5196040192, "offload_host_bytes": 2519103504}
{"event": "memory_phase", "phase": "after_backward", "step": 2, "microbatch": 1, "time": 1790977203.8495746, "allocated": 2637606912, "reserved": 5251268608, "peak_allocated": 5196040192, "offload_host_bytes": 2519103504}
{"event": "memory_phase", "phase": "before_optimizer", "step": 2, "microbatch": null, "time": 1790977204.1641283, "allocated": 5156718592, "reserved": 5251268608, "peak_allocated": 5196040192, "offload_host_bytes": 2519103504}
{"event": "memory_phase", "phase": "after_optimizer", "step": 2, "microbatch": null, "time": 1790977204.2403553, "allocated": 3897162752, "reserved": 5272240128, "peak_allocated": 5196040192, "offload_host_bytes": 2519103504}
{"event": "memory_phase", "phase": "after_state_evict", "step": 2, "microbatch": null, "time": 1790977204.4843717, "allocated": 1378051072, "reserved": 5272240128, "peak_allocated": 5196040192, "offload_host_bytes": 2519103504}
{"event": "train", "step": 3, "epoch": 0, "cursor": 6, "loss": 12.771271705627441, "text_ce": 4.822864532470703, "audio_ce": 7.940519571304321, "aux_loss": 0.007887529209256172, "audio_codebook_ce": [7.906174421310425, 7.879478693008423, 7.903000116348267, 7.950693368911743, 7.971951484680176, 7.954763174057007, 7.93938684463501, 8.0187087059021], "grad_norm": 7.860560417175293, "learning_rate": 8.681980515339464e-05, "text_labels": 301, "audio_labels": 4376, "total_text_labels": 810, "total_audio_labels": 11768, "step_seconds": 1.4658130669995444, "samples_per_second": 1.3644304618554894, "wall_seconds": 36.47657561302185, "time": 1790977204.4857337, "cuda_allocated": 1378051072, "cuda_reserved": 5272240128, "cuda_peak_allocated": 5196040192}
{"event": "memory_phase", "phase": "before_forward", "step": 3, "microbatch": 0, "time": 1790977204.502988, "allocated": 1378051072, "reserved": 5272240128, "peak_allocated": 5196040192, "offload_host_bytes": 2519103504}
{"event": "memory_phase", "phase": "after_forward", "step": 3, "microbatch": 0, "time": 1790977204.5992844, "allocated": 1747929600, "reserved": 5272240128, "peak_allocated": 5196040192, "offload_host_bytes": 2519103504}
{"event": "memory_phase", "phase": "after_backward", "step": 3, "microbatch": 0, "time": 1790977204.8020408, "allocated": 2637606912, "reserved": 5272240128, "peak_allocated": 5196040192, "offload_host_bytes": 2519103504}
{"event": "memory_phase", "phase": "before_forward", "step": 3, "microbatch": 1, "time": 1790977204.807064, "allocated": 2637606912, "reserved": 5272240128, "peak_allocated": 5196040192, "offload_host_bytes": 2519103504}
{"event": "memory_phase", "phase": "after_forward", "step": 3, "microbatch": 1, "time": 1790977204.9132798, "allocated": 3007485440, "reserved": 5272240128, "peak_allocated": 5196040192, "offload_host_bytes": 2519103504}
{"event": "memory_phase", "phase": "after_backward", "step": 3, "microbatch": 1, "time": 1790977205.1282222, "allocated": 2637606912, "reserved": 5272240128, "peak_allocated": 5196040192, "offload_host_bytes": 2519103504}
{"event": "memory_phase", "phase": "before_optimizer", "step": 3, "microbatch": null, "time": 1790977205.4498558, "allocated": 5156718592, "reserved": 5272240128, "peak_allocated": 5196040192, "offload_host_bytes": 2519103504}
{"event": "memory_phase", "phase": "after_optimizer", "step": 3, "microbatch": null, "time": 1790977205.5230365, "allocated": 3897162752, "reserved": 5272240128, "peak_allocated": 5196040192, "offload_host_bytes": 2519103504}
{"event": "memory_phase", "phase": "after_state_evict", "step": 3, "microbatch": null, "time": 1790977205.7715294, "allocated": 1378051072, "reserved": 5272240128, "peak_allocated": 5196040192, "offload_host_bytes": 2519103504}
{"event": "train", "step": 4, "epoch": 0, "cursor": 8, "loss": 12.504288673400879, "text_ce": 4.592441558837891, "audio_ce": 7.90405011177063, "aux_loss": 0.007797203026711941, "audio_codebook_ce": [8.007541418075562, 7.850958824157715, 7.896655559539795, 7.924983024597168, 7.917595863342285, 7.856812000274658, 7.876361608505249, 7.901492118835449], "grad_norm": 5.6181416511535645, "learning_rate": 5.500000000000001e-05, "text_labels": 439, "audio_labels": 3744, "total_text_labels": 1249, "total_audio_labels": 15512, "step_seconds": 1.2711983640037943, "samples_per_second": 1.5733185761038553, "wall_seconds": 37.76424312591553, "time": 1790977205.773401, "cuda_allocated": 1378051072, "cuda_reserved": 5272240128, "cuda_peak_allocated": 5196040192}
{"event": "checkpoint", "kind": "periodic", "step": 4, "epoch": 0, "cursor": 8, "bytes": 3779077085, "seconds": 26.750033378601074, "time": 1790977237.5974011}
{"event": "memory_phase", "phase": "before_forward", "step": 4, "microbatch": 0, "time": 1790977237.7318354, "allocated": 1378051072, "reserved": 5272240128, "peak_allocated": 5196040192, "offload_host_bytes": 2519103504}
{"event": "memory_phase", "phase": "after_forward", "step": 4, "microbatch": 0, "time": 1790977238.0250216, "allocated": 1747929600, "reserved": 5272240128, "peak_allocated": 5196040192, "offload_host_bytes": 2519103504}
{"event": "memory_phase", "phase": "after_backward", "step": 4, "microbatch": 0, "time": 1790977238.2682347, "allocated": 2637606912, "reserved": 5272240128, "peak_allocated": 5196040192, "offload_host_bytes": 2519103504}
{"event": "memory_phase", "phase": "before_forward", "step": 4, "microbatch": 1, "time": 1790977238.269889, "allocated": 2637606912, "reserved": 5272240128, "peak_allocated": 5196040192, "offload_host_bytes": 2519103504}
{"event": "memory_phase", "phase": "after_forward", "step": 4, "microbatch": 1, "time": 1790977238.382268, "allocated": 3007485440, "reserved": 5272240128, "peak_allocated": 5196040192, "offload_host_bytes": 2519103504}
{"event": "memory_phase", "phase": "after_backward", "step": 4, "microbatch": 1, "time": 1790977238.6281693, "allocated": 2637606912, "reserved": 5272240128, "peak_allocated": 5196040192, "offload_host_bytes": 2519103504}
{"event": "memory_phase", "phase": "before_optimizer", "step": 4, "microbatch": null, "time": 1790977238.92493, "allocated": 5156718592, "reserved": 5272240128, "peak_allocated": 5196040192, "offload_host_bytes": 2519103504}
{"event": "memory_phase", "phase": "after_optimizer", "step": 4, "microbatch": null, "time": 1790977238.9995823, "allocated": 3897162752, "reserved": 5272240128, "peak_allocated": 5196040192, "offload_host_bytes": 2519103504}
{"event": "memory_phase", "phase": "after_state_evict", "step": 4, "microbatch": null, "time": 1790977239.241599, "allocated": 1378051072, "reserved": 5272240128, "peak_allocated": 5196040192, "offload_host_bytes": 2519103504}
{"event": "train", "step": 5, "epoch": 1, "cursor": 2, "loss": 12.212235450744629, "text_ce": 4.35872483253479, "audio_ce": 7.845854043960571, "aux_loss": 0.007656784728169441, "audio_codebook_ce": [7.991231441497803, 7.825600624084473, 7.833405494689941, 7.824826717376709, 7.845232248306274, 7.787216424942017, 7.820429563522339, 7.838890075683594], "grad_norm": 5.318729400634766, "learning_rate": 2.3180194846605367e-05, "text_labels": 439, "audio_labels": 3744, "total_text_labels": 1688, "total_audio_labels": 19256, "step_seconds": 1.5237792340049054, "samples_per_second": 1.3125260899792268, "wall_seconds": 71.23411345481873, "time": 1790977239.2432714, "cuda_allocated": 1378051072, "cuda_reserved": 5272240128, "cuda_peak_allocated": 5196040192}
{"event": "checkpoint", "kind": "final", "step": 5, "epoch": 1, "cursor": 2, "bytes": 3779077085, "seconds": 31.366109132766724, "time": 1790977275.982673}
